../Core/Src/main.c:77:5:main	8	static
../Core/Src/main.c:140:6:SystemClock_Config	96	static
../Core/Src/main.c:190:13:MX_ADC1_Init	48	static
../Core/Src/main.c:257:13:MX_TIM16_Init	8	static
../Core/Src/main.c:289:13:MX_TIM17_Init	8	static
../Core/Src/main.c:321:13:MX_USART2_UART_Init	8	static
../Core/Src/main.c:356:13:MX_GPIO_Init	48	static
../Core/Src/main.c:422:6:StepperMotorDriver	24	static
../Core/Src/main.c:471:6:HAL_TIM_PeriodElapsedCallback	16	static
../Core/Src/main.c:501:6:Error_Handler	4	static,ignoring_inline_asm
