../Core/Src/main.c:107:5:main	8	static
../Core/Src/main.c:226:6:SystemClock_Config	96	static
../Core/Src/main.c:276:13:MX_ADC1_Init	48	static
../Core/Src/main.c:343:13:MX_TIM16_Init	8	static
../Core/Src/main.c:375:13:MX_TIM17_Init	8	static
../Core/Src/main.c:407:13:MX_USART2_UART_Init	8	static
../Core/Src/main.c:442:13:MX_GPIO_Init	48	static
../Core/Src/main.c:508:6:MotorStraightLine	8	static
../Core/Src/main.c:538:6:StartDefaultTask	16	static
../Core/Src/main.c:562:6:StartXMotor	16	static
../Core/Src/main.c:594:6:StartYMotor	16	static
../Core/Src/main.c:627:6:HAL_TIM_PeriodElapsedCallback	16	static
../Core/Src/main.c:663:6:Error_Handler	4	static,ignoring_inline_asm
